#-----------------------------------------------------------
# Webtalk v2021.1 (64-bit)
# SW Build 3247384 on Thu Jun 10 19:36:07 MDT 2021
# IP Build 3246043 on Fri Jun 11 00:30:35 MDT 2021
# Start of session at: Sat Oct 23 07:43:35 2021
# Process ID: 9413
# Current directory: /home/anxiety/Dropbox/tec/2021/periodo 2/digitales/git_end/tareas_diseño/tarea_diseño_2/diseño_2/diseño_2.sim/sim_1/behav/xsim
# Command line: wbtcv -mode batch -source /home/anxiety/Dropbox/tec/2021/periodo 2/digitales/git_end/tareas_diseño/tarea_diseño_2/diseño_2/diseño_2.sim/sim_1/behav/xsim/xsim.dir/tester_tb_behav/webtalk/xsim_webtalk.tcl -notrace
# Log file: /home/anxiety/Dropbox/tec/2021/periodo 2/digitales/git_end/tareas_diseño/tarea_diseño_2/diseño_2/diseño_2.sim/sim_1/behav/xsim/webtalk.log
# Journal file: /home/anxiety/Dropbox/tec/2021/periodo 2/digitales/git_end/tareas_diseño/tarea_diseño_2/diseño_2/diseño_2.sim/sim_1/behav/xsim/webtalk.jou
#-----------------------------------------------------------
source /home/anxiety/Dropbox/tec/2021/periodo -notrace
